Undefined Identifier: 'a' in file:tests/compilefail29.pas line:5     column:14 
