Cannot have a sign before a Boolean constant in file:tests/compilefail34.pas line:5     column:16 
