Cannot assign value '3.14' of type real literal to type integer in file:tests/compilefail02.pas line:5     column:8  
