Control variable 'i' must be declared in same block as the 'for' in file:tests/compilefail43.pas line:14    column:9  
