Semicolon expected in file:tests/compilefail51.pas line:9     column:12 
