Cannot invoke function without assigning its return value:  'oops' in file:tests/compilefail55.pas line:10    column:5  
