Function addone missing return type at file:tests/compilefail18.pas line:4     column:1  
