mac expected 2 parameters, only 3 provided in file:tests/compilefail07.pas line:13    column:2  
