Cannot assign to constant 'two' in file:tests/compilefail32.pas line:13    column:5  
