Missing 'end' statement or Unexpected end of file
