Semicolon expected in file:tests/compilefail12.pas line:10    column:1  
