Array Index '13' out of range in: file:tests/compilefail57.pas line:10    column:13 
