Identifier redefined: 'apple' 'apple' in file:tests/compilefail38.pas line:4     column:44 
