Self-referencing constant definition 'negpi' in file:tests/compilefail28.pas line:5     column:14 
