Invalid program parameter 'fizzazle' in file:tests/compilefail21.pas line:1     column:31 
