Semicolon expected in file:tests/compilefail10.pas line:8     column:5  
