Incorrect type for array index in file:tests/compilefail58.pas line:18    column:7  
