Symbol Redefined: a in file:tests/compilefail08.pas line:6     column:15 
