Cannot compare types 'char' and 'transport' with relational operator in file:tests/compilefail40.pas line:15    column:10 
