Function x has invalid return type: q at file:tests/compilefail66.pas line:8     column:1  
