Expected ':=' but saw 'is' in file:tests/compilefail69.pas line:10    column:11 
