a253
a254
a255
Error: value exceeds range for subrange type