Should be a division by zero error.
Division by zero error