exp(1) = e: 2.718281828459
exp(1) = e: 2.718281828459
exp(-1) == 1/e = .3679: 0.367879441171
exp(2.469) = 11.8106: 5.905315157024
exp(100.000001): 2.6881 * 10^43: 26881440231219683446514140019173899053826048.000000000000
exp(0.0023119): 1.002314: 1.002314574501
