3.500000000000
4.180000000000
-2.100000000000
6.000000000000
