1. Should be false: FALSE
2. Should be true: TRUE
3. Should be true: TRUE
4. Should be true: TRUE
5. Should be false: FALSE
6. Should be true: TRUE
7. Should be true: TRUE
