1
0
1
144
625
1522756
1073741824
16
Overflow error