Cannot assign value '-11' of type integer literal to type myrange in file:tests/testbugfix02.pas line:7     column:11 
