TRUE TRUE FALSE FALSE FALSE FALSE TRUE FALSE FALSE FALSE FALSE 
inverted
FALSE FALSE FALSE FALSE TRUE FALSE FALSE FALSE FALSE TRUE TRUE 
