pear is less than cherry
banana is greater than pear
pear is not greater than pear
pear is equal to pear
guava and pear are not equal
