A is less than C
A is not equal to C
d now equals @
@ is now less than A
