before calling myfunc, r = 34
after calling myfunc, r = 51
68
