in main going in
9
3.700000000000
Before 
9
9
After 
11
11
Before Real
3.700000000000
3.700000000000
After Real
7.400000000000
7.400000000000
in main coming out
11
7.400000000000
in main going in2
11
7.400000000000
Before 
11
11
After 
15
15
Before Real
7.400000000000
7.400000000000
After Real
29.600000000000
29.600000000000
in main coming out2
15
29.600000000000
in main going in3
15
29.600000000000
Before 
15
15
After 
17
17
Before Real
29.600000000000
29.600000000000
After Real
59.200000000000
59.200000000000
in main coming out3
17
59.200000000000
