before, a and b equal echo
foxtrot
v = foxtrot
doublepred on that d = delta
and u = echo
now d = echo
and now u = foxtrot
after, a and b equal echo
foxtrot
now let's do it again 
before, a and b equal india
delta
v = delta
doublepred on that d = bravo
and u = india
now d = charlie
and now u = juliett
after, a and b equal india
delta
