should print 'Le plus ca change...' 3 times

Le plus ca change...
Le plus ca change...
Le plus ca change...
