Should be 3: 3
Should be -6: -6
Should be 1092: 1092
