21.000000000000
6.480740698408
8.640023148117
10.000000000000
Error D.34: Cannot take sqrt() of negative number