before: 0
after: 1
before: a
after: b
before: %
after: &
