1.100000000000
1.100000000000
2.200000000000
3.300000000000
5.500000000000
8.800000000000
14.300000000000
23.100000000000
37.400000000000
60.500000000000
